[]models.Patch{
    {File:"app\\TestController.ts", Start:3, End:37},
    {File:"app\\inject.ts", Start:11, End:14},
    {File:"app\\inject.ts", Start:18, End:18},
    {File:"app\\inject.ts", Start:24, End:27},
    {File:"app\\inject.ts", Start:53, End:59},
    {File:"app\\account\\AccountBaseController.ts", Start:6, End:102},
    {File:"app\\account\\AccountCaseService.ts", Start:86, End:86},
    {File:"app\\account\\AccountCaseService.ts", Start:102, End:105},
    {File:"app\\account\\AccountCaseService.ts", Start:127, End:129},
    {File:"app\\account\\AccountCaseService.ts", Start:134, End:140},
    {File:"app\\account\\AccountCaseService.ts", Start:145, End:149},
    {File:"app\\account\\AccountCaseService.ts", Start:154, End:158},
    {File:"app\\account\\AccountCaseService.ts", Start:163, End:166},
    {File:"app\\account\\AccountCaseService.ts", Start:238, End:250},
    {File:"app\\account\\AccountCaseService.ts", Start:254, End:257},
    {File:"app\\account\\AccountCaseService.ts", Start:336, End:338},
    {File:"app\\account\\AccountDetailController.ts", Start:2, End:45},
    {File:"app\\account\\AccountMaintController.ts", Start:2, End:44},
    {File:"app\\account\\AccountModels.ts", Start:82, End:82},
    {File:"app\\account\\AccountModels.ts", Start:88, End:88},
    {File:"app\\account\\AccountPageSetup.ts", Start:5, End:33},
    {File:"app\\account\\AccountRouteConfig.ts", Start:1, End:408},
    {File:"app\\account\\AccountSearchController.ts", Start:32, End:35},
    {File:"app\\account\\AccountSearchController.ts", Start:39, End:42},
    {File:"app\\account\\AccountSearchController.ts", Start:75, End:77},
    {File:"app\\account\\AccountSearchController.ts", Start:131, End:131},
    {File:"app\\account\\AccountSearchController.ts", Start:152, End:152},
    {File:"app\\account\\AccountSearchController.ts", Start:159, End:163},
    {File:"app\\account\\AccountSearchController.ts", Start:167, End:167},
    {File:"app\\account\\AccountSearchController.ts", Start:170, End:170},
    {File:"app\\account\\AccountSearchController.ts", Start:178, End:178},
    {File:"app\\account\\AccountSearchController.ts", Start:186, End:186},
    {File:"app\\account\\AccountSearchController.ts", Start:193, End:195},
    {File:"app\\account\\AccountSearchController.ts", Start:199, End:203},
    {File:"app\\account\\AccountSearchController.ts", Start:207, End:233},
    {File:"app\\account\\AccountService.ts", Start:2, End:37},
    {File:"app\\account\\AccountTaskController.ts", Start:1, End:181},
    {File:"app\\account\\AddDiagnosisController.ts", Start:1, End:31},
    {File:"app\\account\\AddPayorController.ts", Start:1, End:89},
    {File:"app\\account\\AddPharmacyController.ts", Start:1, End:99},
    {File:"app\\account\\AddPrescriberController.ts", Start:1, End:109},
    {File:"app\\account\\AddSiteController.ts", Start:2, End:101},
    {File:"app\\account\\AdditionalInfoController.ts", Start:1, End:160},
    {File:"app\\account\\CaseSearchController.ts", Start:31, End:31},
    {File:"app\\account\\CaseSearchController.ts", Start:54, End:55},
    {File:"app\\account\\CaseSearchController.ts", Start:86, End:96},
    {File:"app\\account\\CaseSearchController.ts", Start:102, End:102},
    {File:"app\\account\\CaseSearchController.ts", Start:112, End:113},
    {File:"app\\account\\CaseSearchController.ts", Start:118, End:120},
    {File:"app\\account\\CaseSearchController.ts", Start:134, End:134},
    {File:"app\\account\\CaseSearchController.ts", Start:138, End:138},
    {File:"app\\account\\DiagnosisInfoController.ts", Start:1, End:86},
    {File:"app\\account\\EnrollmentInfoController.ts", Start:4, End:85},
    {File:"app\\account\\MedicalInfoController.ts", Start:1, End:334},
    {File:"app\\account\\NoteService.ts", Start:3, End:92},
    {File:"app\\account\\PatientAccountController.ts", Start:1, End:219},
    {File:"app\\account\\PatientInfoController.ts", Start:1, End:200},
    {File:"app\\account\\PbmInfoController.ts", Start:1, End:333},
    {File:"app\\account\\PharmacyInfoController.ts", Start:1, End:298},
    {File:"app\\account\\PrescriberInfoController.ts", Start:1, End:164},
    {File:"app\\account\\PrescriptionInfoController.ts", Start:1, End:277},
    {File:"app\\account\\SiteInfoController.ts", Start:1, End:283},
    {File:"app\\account\\TherapyInfoController.ts", Start:3, End:28},
    {File:"app\\account\\correspondence\\AccountCorrespondenceController.ts", Start:3, End:98},
    {File:"app\\account\\correspondence\\CorrespondenceModalController.ts", Start:1, End:122},
    {File:"app\\account\\correspondence\\CorrespondenceTableController.ts", Start:1, End:116},
    {File:"app\\account\\coverage\\BenefitVerificationService.ts", Start:4, End:174},
    {File:"app\\account\\coverage\\CoverageInfoController.ts", Start:1, End:141},
    {File:"app\\account\\coverage\\CoverageModels.ts", Start:3, End:117},
    {File:"app\\account\\coverage\\MedicalCoverageInfoController.ts", Start:1, End:153},
    {File:"app\\account\\coverage\\PreferredPharmacyInfoController.ts", Start:1, End:215},
    {File:"app\\account\\coverage\\PreferredSiteInfoController.ts", Start:1, End:122},
    {File:"app\\account\\coverage\\PrimaryInfoController.ts", Start:1, End:202},
    {File:"app\\account\\timeline\\AppealController.ts", Start:1, End:88},
    {File:"app\\account\\timeline\\CoverageReviewController.ts", Start:1, End:86},
    {File:"app\\account\\timeline\\PriorAuthController.ts", Start:1, End:86},
    {File:"app\\account\\timeline\\TimelineModels.ts", Start:2, End:51},
    {File:"app\\account\\workflow\\AccountWorkflowController.ts", Start:1, End:34},
    {File:"app\\account\\workflow\\CaseInfoController.ts", Start:1, End:55},
    {File:"app\\account\\workflow\\CaseStatusController.ts", Start:1, End:109},
    {File:"app\\account\\workflow\\CloseTaskController.ts", Start:3, End:48},
    {File:"app\\account\\workflow\\CorrespondenceInfoController.ts", Start:2, End:33},
    {File:"app\\account\\workflow\\TimelineInfoController.ts", Start:1, End:47},
    {File:"app\\account\\workflow\\WorkflowCoverageController.ts", Start:2, End:32},
    {File:"app\\account\\workflow\\WorkflowDetailsController.ts", Start:1, End:407},
    {File:"app\\account\\workflow\\WorkflowInfoController.ts", Start:2, End:30},
    {File:"app\\account\\workflow\\WorkflowIntakeController.ts", Start:1, End:34},
    {File:"app\\account\\workflow\\WorkflowListController.ts", Start:2, End:82},
    {File:"app\\backlogs\\CmsBaseController.ts", Start:4, End:163},
    {File:"app\\backlogs\\ConfigurationController.ts", Start:1, End:195},
    {File:"app\\backlogs\\DashboardController.ts", Start:3, End:194},
    {File:"app\\backlogs\\ProgramController.ts", Start:2, End:699},
    {File:"app\\backlogs\\Configuration\\AvailableQuestions.ts", Start:1, End:263},
    {File:"app\\backlogs\\Configuration\\ConfigureAvailableFields.ts", Start:1, End:87},
    {File:"app\\backlogs\\Configuration\\ConfigureDisplayFields.ts", Start:1, End:87},
    {File:"app\\backlogs\\Configuration\\ConfigurePrescription.ts", Start:1, End:262},
    {File:"app\\backlogs\\Configuration\\ConfigurePrimary-Ins.ts", Start:1, End:87},
    {File:"app\\backlogs\\Configuration\\ConfigureSiteFields.ts", Start:1, End:87},
    {File:"app\\backlogs\\Configuration\\ProgramSummary.ts", Start:1, End:59},
    {File:"app\\cms\\CmsApp.ts", Start:1, End:158},
    {File:"app\\cms\\CmsCommon.ts", Start:1, End:610},
    {File:"app\\cms\\CmsFileUpload.ts", Start:1, End:146},
    {File:"app\\cms\\CmsMfpModal.ts", Start:13, End:18},
    {File:"app\\cms\\CmsMfpModal.ts", Start:28, End:59},
    {File:"app\\cms\\CmsModal.ts", Start:43, End:48},
    {File:"app\\cms\\CmsModal.ts", Start:52, End:54},
    {File:"app\\cms\\CmsModal.ts", Start:59, End:61},
    {File:"app\\cms\\CmsModal.ts", Start:65, End:71},
    {File:"app\\cms\\CmsModal.ts", Start:79, End:82},
    {File:"app\\cms\\CmsModal.ts", Start:91, End:104},
    {File:"app\\cms\\CmsModal.ts", Start:108, End:113},
    {File:"app\\cms\\CmsModal.ts", Start:117, End:124},
    {File:"app\\cms\\CmsModal.ts", Start:128, End:176},
    {File:"app\\cms\\CmsModal.ts", Start:180, End:190},
    {File:"app\\cms\\CmsModal.ts", Start:199, End:219},
    {File:"app\\cms\\CmsModal.ts", Start:227, End:232},
    {File:"app\\cms\\CmsModal.ts", Start:240, End:245},
    {File:"app\\cms\\Features.ts", Start:9, End:9},
    {File:"app\\cms\\Features.ts", Start:14, End:23},
    {File:"app\\cms\\Features.ts", Start:27, End:32},
    {File:"app\\cms\\GlobalModelController.ts", Start:3, End:211},
    {File:"app\\cms\\Utils.ts", Start:12, End:17},
    {File:"app\\cms\\Utils.ts", Start:22, End:29},
    {File:"app\\cms\\Utils.ts", Start:33, End:47},
    {File:"app\\cms\\Utils.ts", Start:51, End:65},
    {File:"app\\cms\\Utils.ts", Start:69, End:69},
    {File:"app\\cms\\Utils.ts", Start:73, End:74},
    {File:"app\\cms\\Utils.ts", Start:78, End:79},
    {File:"app\\cms\\Utils.ts", Start:83, End:112},
    {File:"app\\cms\\Utils.ts", Start:116, End:120},
    {File:"app\\cms\\Utils.ts", Start:124, End:128},
    {File:"app\\cms\\Utils.ts", Start:132, End:147},
    {File:"app\\cms\\Utils.ts", Start:151, End:166},
    {File:"app\\cms\\main.ts", Start:2, End:47},
    {File:"app\\diagnosis\\DiagnosisBaseController.ts", Start:30, End:57},
    {File:"app\\diagnosis\\DiagnosisBaseController.ts", Start:66, End:72},
    {File:"app\\diagnosis\\DiagnosisBaseController.ts", Start:78, End:83},
    {File:"app\\diagnosis\\DiagnosisService.ts", Start:55, End:57},
    {File:"app\\diagnosis\\DiagnosisService.ts", Start:62, End:71},
    {File:"app\\diagnosis\\DiagnosisService.ts", Start:76, End:95},
    {File:"app\\directives\\CarouselDirective.ts", Start:1, End:60},
    {File:"app\\directives\\DatePickerPopupDirective.ts", Start:2, End:167},
    {File:"app\\directives\\DraggableDirective.ts", Start:2, End:10},
    {File:"app\\directives\\DropOriginalDirective.ts", Start:2, End:18},
    {File:"app\\directives\\DropTargetDirective.ts", Start:2, End:18},
    {File:"app\\directives\\InputDirectives.ts", Start:2, End:204},
    {File:"app\\directives\\MiscDirectives.ts", Start:2, End:218},
    {File:"app\\directives\\PermissionsDirective.ts", Start:1, End:59},
    {File:"app\\directives\\StExtension.ts", Start:1, End:353},
    {File:"app\\directives\\surveyDirective.ts", Start:1, End:6},
    {File:"app\\docPrep\\DocPrepController.ts", Start:2, End:177},
    {File:"app\\document\\DocumentController.ts", Start:1, End:509},
    {File:"app\\document\\SplitDocumentController.ts", Start:1, End:181},
    {File:"app\\document\\SplitDocumentService.ts", Start:13, End:23},
    {File:"app\\eligibility\\EligibilityService.ts", Start:23, End:25},
    {File:"app\\intake\\ClinicalInformationController.ts", Start:1, End:112},
    {File:"app\\intake\\DiagnosisIntakeController.ts", Start:63, End:73},
    {File:"app\\intake\\IntakeCaseStatusController.ts", Start:25, End:42},
    {File:"app\\intake\\IntakeCaseStatusController.ts", Start:47, End:47},
    {File:"app\\intake\\IntakeCaseStatusController.ts", Start:51, End:54},
    {File:"app\\intake\\IntakeCaseStatusController.ts", Start:59, End:59},
    {File:"app\\intake\\IntakeCaseStatusController.ts", Start:63, End:66},
    {File:"app\\intake\\IntakeController.ts", Start:95, End:95},
    {File:"app\\intake\\IntakeController.ts", Start:98, End:105},
    {File:"app\\intake\\IntakeController.ts", Start:155, End:155},
    {File:"app\\intake\\IntakeController.ts", Start:168, End:168},
    {File:"app\\intake\\IntakeController.ts", Start:213, End:213},
    {File:"app\\intake\\IntakeController.ts", Start:226, End:227},
    {File:"app\\intake\\IntakeController.ts", Start:236, End:237},
    {File:"app\\intake\\IntakeController.ts", Start:247, End:250},
    {File:"app\\intake\\IntakeController.ts", Start:254, End:256},
    {File:"app\\intake\\IntakeController.ts", Start:263, End:267},
    {File:"app\\intake\\IntakeController.ts", Start:294, End:295},
    {File:"app\\intake\\IntakeController.ts", Start:300, End:308},
    {File:"app\\intake\\IntakeController.ts", Start:314, End:382},
    {File:"app\\intake\\IntakeController.ts", Start:386, End:387},
    {File:"app\\intake\\IntakeController.ts", Start:391, End:391},
    {File:"app\\intake\\IntakeController.ts", Start:395, End:395},
    {File:"app\\intake\\IntakeController.ts", Start:428, End:428},
    {File:"app\\intake\\IntakeController.ts", Start:436, End:437},
    {File:"app\\intake\\IntakeController.ts", Start:444, End:444},
    {File:"app\\intake\\IntakeController.ts", Start:454, End:454},
    {File:"app\\intake\\IntakeController.ts", Start:470, End:472},
    {File:"app\\intake\\IntakeController.ts", Start:480, End:480},
    {File:"app\\intake\\IntakeController.ts", Start:498, End:498},
    {File:"app\\intake\\IntakeController.ts", Start:510, End:510},
    {File:"app\\intake\\IntakeController.ts", Start:519, End:524},
    {File:"app\\intake\\IntakeController.ts", Start:537, End:538},
    {File:"app\\intake\\IntakeController.ts", Start:542, End:542},
    {File:"app\\intake\\IntakeController.ts", Start:552, End:552},
    {File:"app\\intake\\IntakeController.ts", Start:565, End:567},
    {File:"app\\intake\\IntakeController.ts", Start:572, End:573},
    {File:"app\\intake\\IntakeController.ts", Start:577, End:582},
    {File:"app\\intake\\MemberNumberIntakeController.ts", Start:52, End:55},
    {File:"app\\intake\\MemberNumberIntakeController.ts", Start:59, End:63},
    {File:"app\\intake\\MemberNumberIntakeController.ts", Start:74, End:75},
    {File:"app\\intake\\MemberNumberIntakeController.ts", Start:84, End:85},
    {File:"app\\intake\\PrescriptionIntakeController.ts", Start:1, End:82},
    {File:"app\\intake\\SurveyIntakeController.ts", Start:1, End:56},
    {File:"app\\layout\\LayoutPage.ts", Start:1, End:229},
    {File:"app\\layout\\LayoutService.ts", Start:1, End:33},
    {File:"app\\membernumber\\MemberNumberService.ts", Start:23, End:25},
    {File:"app\\models\\BenefitVerificationModels.ts", Start:9, End:57},
    {File:"app\\models\\CmsBaseController.ts", Start:31, End:31},
    {File:"app\\models\\CmsBaseController.ts", Start:38, End:38},
    {File:"app\\models\\CmsBaseController.ts", Start:47, End:57},
    {File:"app\\models\\CmsBaseController.ts", Start:61, End:62},
    {File:"app\\models\\CmsBaseController.ts", Start:72, End:72},
    {File:"app\\models\\CmsModels.ts", Start:23, End:34},
    {File:"app\\models\\CmsModels.ts", Start:66, End:69},
    {File:"app\\models\\CmsModels.ts", Start:74, End:75},
    {File:"app\\models\\CmsModels.ts", Start:79, End:91},
    {File:"app\\models\\CmsModels.ts", Start:95, End:96},
    {File:"app\\models\\CmsModels.ts", Start:100, End:101},
    {File:"app\\models\\CmsModels.ts", Start:143, End:144},
    {File:"app\\models\\CmsModels.ts", Start:155, End:156},
    {File:"app\\models\\CmsModels.ts", Start:163, End:163},
    {File:"app\\models\\CmsModels.ts", Start:199, End:199},
    {File:"app\\models\\CmsModelsEntity.ts", Start:31, End:37},
    {File:"app\\models\\CmsModelsEntity.ts", Start:63, End:71},
    {File:"app\\models\\CmsModelsEntity.ts", Start:83, End:87},
    {File:"app\\models\\CmsModelsEntity.ts", Start:111, End:114},
    {File:"app\\models\\CmsModelsEntity.ts", Start:133, End:137},
    {File:"app\\models\\CmsModelsEntity.ts", Start:141, End:153},
    {File:"app\\models\\CmsModelsEntity.ts", Start:161, End:178},
    {File:"app\\models\\CmsModelsEntity.ts", Start:186, End:189},
    {File:"app\\models\\CmsModelsEntity.ts", Start:236, End:245},
    {File:"app\\models\\CmsModelsEntity.ts", Start:263, End:266},
    {File:"app\\models\\CmsModelsEntity.ts", Start:305, End:321},
    {File:"app\\models\\CmsModelsEntity.ts", Start:345, End:345},
    {File:"app\\models\\CmsModelsEntity.ts", Start:349, End:349},
    {File:"app\\models\\CmsModelsEntity.ts", Start:354, End:354},
    {File:"app\\models\\CmsModelsEntity.ts", Start:358, End:358},
    {File:"app\\models\\CmsModelsEntity.ts", Start:362, End:362},
    {File:"app\\models\\CmsModelsEntity.ts", Start:366, End:366},
    {File:"app\\models\\CmsModelsEntity.ts", Start:370, End:370},
    {File:"app\\models\\CmsModelsEntity.ts", Start:374, End:374},
    {File:"app\\models\\CmsModelsEntity.ts", Start:378, End:385},
    {File:"app\\models\\CmsModelsEntity.ts", Start:389, End:396},
    {File:"app\\models\\CmsModelsEntity.ts", Start:400, End:400},
    {File:"app\\models\\CmsModelsEntity.ts", Start:424, End:440},
    {File:"app\\models\\CmsModelsEntity.ts", Start:462, End:462},
    {File:"app\\models\\DocumentModels.ts", Start:5, End:76},
    {File:"app\\models\\GenericModalController.ts", Start:1, End:39},
    {File:"app\\notetask\\MyTaskController.ts", Start:1, End:49},
    {File:"app\\notetask\\NoteTaskModels.ts", Start:1, End:65},
    {File:"app\\notetask\\TaskBaseController.ts", Start:9, End:72},
    {File:"app\\notetask\\TaskController.ts", Start:1, End:82},
    {File:"app\\notetask\\TaskService.ts", Start:1, End:209},
    {File:"app\\patient\\PatientBaseController.ts", Start:70, End:72},
    {File:"app\\patient\\PatientBaseController.ts", Start:76, End:77},
    {File:"app\\patient\\PatientBaseController.ts", Start:81, End:81},
    {File:"app\\patient\\PatientBaseController.ts", Start:95, End:95},
    {File:"app\\patient\\PatientIntakeController.ts", Start:117, End:118},
    {File:"app\\patient\\PatientIntakeController.ts", Start:126, End:126},
    {File:"app\\patient\\PatientIntakeController.ts", Start:139, End:141},
    {File:"app\\patient\\PatientIntakeController.ts", Start:149, End:149},
    {File:"app\\patient\\PatientIntakeController.ts", Start:151, End:156},
    {File:"app\\patient\\PatientIntakeController.ts", Start:187, End:205},
    {File:"app\\patient\\PatientMaintController.ts", Start:1, End:77},
    {File:"app\\patient\\PatientRouteConfig.ts", Start:1, End:39},
    {File:"app\\patient\\PatientService.ts", Start:55, End:57},
    {File:"app\\patient\\PatientService.ts", Start:105, End:105},
    {File:"app\\patient\\PatientService.ts", Start:108, End:109},
    {File:"app\\patient\\PatientService.ts", Start:115, End:116},
    {File:"app\\patient\\PatientService.ts", Start:120, End:124},
    {File:"app\\paymentPreference\\PaymentPreferenceController.ts", Start:1, End:68},
    {File:"app\\payor\\PayorBaseController.ts", Start:5, End:102},
    {File:"app\\payor\\PayorIntakeController.ts", Start:2, End:131},
    {File:"app\\payor\\PayorMaintController.ts", Start:1, End:359},
    {File:"app\\payor\\PayorRouteConfig.ts", Start:1, End:40},
    {File:"app\\payor\\PayorService.ts", Start:21, End:43},
    {File:"app\\payor\\PayorService.ts", Start:48, End:49},
    {File:"app\\payor\\PayorService.ts", Start:53, End:55},
    {File:"app\\payor\\PayorService.ts", Start:60, End:62},
    {File:"app\\payor\\PayorService.ts", Start:67, End:68},
    {File:"app\\payor\\PayorService.ts", Start:73, End:77},
    {File:"app\\payor\\PayorService.ts", Start:82, End:86},
    {File:"app\\payor\\PayorService.ts", Start:91, End:99},
    {File:"app\\payor\\PayorService.ts", Start:104, End:112},
    {File:"app\\payor\\PayorService.ts", Start:117, End:119},
    {File:"app\\payor\\PayorService.ts", Start:124, End:132},
    {File:"app\\payor\\PayorService.ts", Start:137, End:139},
    {File:"app\\payor\\PayorService.ts", Start:144, End:147},
    {File:"app\\payor\\PayorService.ts", Start:151, End:154},
    {File:"app\\pharmacy\\PharmacyBaseController.ts", Start:5, End:102},
    {File:"app\\pharmacy\\PharmacyIntakeController.ts", Start:1, End:113},
    {File:"app\\pharmacy\\PharmacyMaintController.ts", Start:1, End:282},
    {File:"app\\pharmacy\\PharmacyRouteConfig.ts", Start:1, End:39},
    {File:"app\\pharmacy\\PharmacyService.ts", Start:24, End:33},
    {File:"app\\pharmacy\\PharmacyService.ts", Start:38, End:42},
    {File:"app\\pharmacy\\PharmacyService.ts", Start:47, End:54},
    {File:"app\\pharmacy\\PharmacyService.ts", Start:59, End:60},
    {File:"app\\pharmacy\\PharmacyService.ts", Start:64, End:91},
    {File:"app\\pharmacy\\PharmacyService.ts", Start:107, End:109},
    {File:"app\\pharmacy\\PharmacyService.ts", Start:115, End:117},
    {File:"app\\pharmacy\\PharmacyService.ts", Start:137, End:138},
    {File:"app\\pharmacy\\PharmacyService.ts", Start:142, End:146},
    {File:"app\\pharmacy\\PharmacyService.ts", Start:151, End:154},
    {File:"app\\pharmacy\\PharmacyService.ts", Start:159, End:163},
    {File:"app\\pharmacy\\PharmacyService.ts", Start:168, End:183},
    {File:"app\\pharmacy\\PharmacyService.ts", Start:189, End:190},
    {File:"app\\pharmacy\\PharmacyService.ts", Start:194, End:203},
    {File:"app\\pharmacy\\PharmacyService.ts", Start:207, End:232},
    {File:"app\\pharmacy\\PharmacyService.ts", Start:238, End:246},
    {File:"app\\pharmacy\\PharmacyService.ts", Start:251, End:254},
    {File:"app\\prescriber\\PrescriberBaseController.ts", Start:9, End:94},
    {File:"app\\prescriber\\PrescriberIntakeController.ts", Start:1, End:99},
    {File:"app\\prescriber\\PrescriberMaintController.ts", Start:1, End:343},
    {File:"app\\prescriber\\PrescriberModalController.ts", Start:1, End:71},
    {File:"app\\prescriber\\PrescriberRouteConfig.ts", Start:1, End:40},
    {File:"app\\prescriber\\PrescriberService.ts", Start:22, End:85},
    {File:"app\\prescriber\\PrescriberService.ts", Start:90, End:98},
    {File:"app\\prescriber\\PrescriberService.ts", Start:103, End:111},
    {File:"app\\prescriber\\PrescriberService.ts", Start:116, End:120},
    {File:"app\\prescription\\PrescriptionBaseController.ts", Start:7, End:59},
    {File:"app\\prescription\\PrescriptionModels.ts", Start:4, End:11},
    {File:"app\\prescription\\PrescriptionService.ts", Start:1, End:102},
    {File:"app\\services\\CaseService.ts", Start:2, End:400},
    {File:"app\\services\\CmsDataService.ts", Start:17, End:17},
    {File:"app\\services\\CmsDataService.ts", Start:26, End:31},
    {File:"app\\services\\CmsDataService.ts", Start:41, End:48},
    {File:"app\\services\\CmsDataService.ts", Start:78, End:84},
    {File:"app\\services\\CmsDataService.ts", Start:106, End:111},
    {File:"app\\services\\CmsDataService.ts", Start:115, End:139},
    {File:"app\\services\\CmsFilter.ts", Start:8, End:15},
    {File:"app\\services\\CmsFilter.ts", Start:22, End:33},
    {File:"app\\services\\CmsFilter.ts", Start:43, End:43},
    {File:"app\\services\\CmsFilter.ts", Start:46, End:46},
    {File:"app\\services\\CmsFilter.ts", Start:49, End:49},
    {File:"app\\services\\CmsFilter.ts", Start:57, End:66},
    {File:"app\\services\\CmsFilter.ts", Start:73, End:80},
    {File:"app\\services\\CmsFilter.ts", Start:87, End:90},
    {File:"app\\services\\CmsFilter.ts", Start:97, End:113},
    {File:"app\\services\\CmsFilter.ts", Start:120, End:128},
    {File:"app\\services\\CmsFilter.ts", Start:136, End:143},
    {File:"app\\services\\CmsFilter.ts", Start:151, End:158},
    {File:"app\\services\\CmsFilter.ts", Start:165, End:167},
    {File:"app\\services\\CmsFilter.ts", Start:174, End:176},
    {File:"app\\services\\CmsFilter.ts", Start:183, End:185},
    {File:"app\\services\\CmsFilter.ts", Start:192, End:197},
    {File:"app\\services\\CmsFilter.ts", Start:204, End:211},
    {File:"app\\services\\CmsFilter.ts", Start:220, End:222},
    {File:"app\\services\\CmsFilter.ts", Start:229, End:235},
    {File:"app\\services\\CmsFilter.ts", Start:242, End:245},
    {File:"app\\services\\CmsFilter.ts", Start:251, End:267},
    {File:"app\\services\\CmsService.ts", Start:14, End:179},
    {File:"app\\services\\CmsService.ts", Start:183, End:191},
    {File:"app\\services\\CmsService.ts", Start:204, End:207},
    {File:"app\\services\\CmsService.ts", Start:212, End:223},
    {File:"app\\services\\DocumentService.ts", Start:1, End:119},
    {File:"app\\services\\ExpandableRowService.ts", Start:31, End:34},
    {File:"app\\services\\ExpandableRowService.ts", Start:38, End:41},
    {File:"app\\services\\ExpandableRowService.ts", Start:45, End:48},
    {File:"app\\services\\ExpandableRowService.ts", Start:56, End:57},
    {File:"app\\services\\ExpandableRowService.ts", Start:61, End:62},
    {File:"app\\services\\ExpandableRowService.ts", Start:66, End:73},
    {File:"app\\services\\ExpandableRowService.ts", Start:77, End:80},
    {File:"app\\services\\ExpandableRowService.ts", Start:84, End:88},
    {File:"app\\services\\ExpandableRowService.ts", Start:92, End:94},
    {File:"app\\services\\ExpandableRowService.ts", Start:98, End:101},
    {File:"app\\site\\SiteBaseController.ts", Start:8, End:115},
    {File:"app\\site\\SiteIntakeController.ts", Start:1, End:119},
    {File:"app\\site\\SiteMaintController.ts", Start:1, End:408},
    {File:"app\\site\\SiteRouteConfig.ts", Start:1, End:40},
    {File:"app\\site\\SiteService.ts", Start:22, End:105},
    {File:"app\\site\\SiteService.ts", Start:110, End:118},
    {File:"app\\site\\SiteService.ts", Start:123, End:131},
    {File:"app\\site\\SiteService.ts", Start:136, End:140},
    {File:"app\\survey\\SurveyModels.ts", Start:29, End:31},
    {File:"app\\survey\\SurveyService.ts", Start:32, End:37},
    {File:"app\\survey\\SurveyService.ts", Start:41, End:44},
    {File:"app\\survey\\SurveyService.ts", Start:49, End:55},
    {File:"app\\survey\\SurveyService.ts", Start:60, End:62},
    {File:"app\\survey\\SurveyService.ts", Start:67, End:75},
    {File:"app\\survey\\SurveyService.ts", Start:79, End:96},
    {File:"app\\survey\\SurveyService.ts", Start:100, End:110},
    {File:"app\\survey\\SurveyService.ts", Start:114, End:114},
    {File:"app\\survey\\SurveyService.ts", Start:118, End:118},
    {File:"app\\survey\\SurveyService.ts", Start:123, End:135},
    {File:"app\\survey\\SurveyService.ts", Start:142, End:156},
    {File:"app\\survey\\SurveyService.ts", Start:161, End:176},
    {File:"app\\survey\\SurveyService.ts", Start:184, End:199},
    {File:"app\\survey\\SurveyService.ts", Start:206, End:215},
}